// Jest Snapshot v1, https://goo.gl/fbAQLP

exports[`Storyshots Task Archived 1`] = `
<div
  style={
    Object {
      "margin": "32px",
    }
  }
>
  <div>
    <div
      onMouseEnter={[Function]}
      onMouseLeave={[Function]}
      style={
        Object {
          "alignItems": "flex-end",
          "cursor": "pointer",
          "display": "flex",
          "fontFamily": "Avenir",
          "justifyContent": "center",
          "transform": "scale(1.00)",
          "transition": "0.3s",
          "width": 300,
        }
      }
    >
      <div
        style={
          Object {
            "background": "#FFFFFF",
            "borderRadius": "12px",
            "minWidth": 258,
            "paddingBottom": "18px",
            "paddingLeft": "24px",
            "paddingRight": "18px",
            "paddingTop": "20px",
            "zIndex": 10,
          }
        }
      >
        <div>
          <p
            style={
              Object {
                "color": "#232227",
                "fontSize": "20px",
                "fontWeight": "bold",
                "margin": 0,
                "padding": 0,
              }
            }
          >
            Test 2 hhsdf
          </p>
        </div>
        <div>
          <div
            style={
              Object {
                "color": "#EB3B67",
                "fontSize": "16px",
                "fontWeight": "bold",
                "marginTop": "2px",
              }
            }
          >
            <span
              aria-label="clock-circle"
              className="anticon anticon-clock-circle"
              role="img"
              style={
                Object {
                  "fontSize": 18,
                  "marginRight": 8,
                }
              }
            >
              <svg
                aria-hidden="true"
                className=""
                data-icon="clock-circle"
                fill="currentColor"
                focusable="false"
                height="1em"
                viewBox="64 64 896 896"
                width="1em"
              >
                <path
                  d="M512 64C264.6 64 64 264.6 64 512s200.6 448 448 448 448-200.6 448-448S759.4 64 512 64zm0 820c-205.4 0-372-166.6-372-372s166.6-372 372-372 372 166.6 372 372-166.6 372-372 372z"
                />
                <path
                  d="M686.7 638.6L544.1 535.5V288c0-4.4-3.6-8-8-8H488c-4.4 0-8 3.6-8 8v275.4c0 2.6 1.2 5 3.3 6.5l165.4 120.6c3.6 2.6 8.6 1.8 11.2-1.7l28.6-39c2.6-3.7 1.8-8.7-1.8-11.2z"
                />
              </svg>
            </span>
            <span
              style={
                Object {
                  "position": "relative",
                  "top": "-1px",
                }
              }
            >
              Mon, Jan 1
            </span>
          </div>
        </div>
      </div>
      <div
        style={
          Object {
            "position": "absolute",
          }
        }
      >
        <div
          style={
            Object {
              "boxShadow": "rgba(0, 0, 0, 0.20) 0px 2px 50px",
              "height": 50,
              "transition": "0.3s",
              "width": 200,
              "zIndex": 5,
            }
          }
        />
      </div>
    </div>
  </div>
</div>
`;

exports[`Storyshots Task Default 1`] = `
<div
  style={
    Object {
      "margin": "32px",
    }
  }
>
  <div>
    <div
      onMouseEnter={[Function]}
      onMouseLeave={[Function]}
      style={
        Object {
          "alignItems": "flex-end",
          "cursor": "pointer",
          "display": "flex",
          "fontFamily": "Avenir",
          "justifyContent": "center",
          "transform": "scale(1.00)",
          "transition": "0.3s",
          "width": 300,
        }
      }
    >
      <div
        style={
          Object {
            "background": "#FFFFFF",
            "borderRadius": "12px",
            "minWidth": 258,
            "paddingBottom": "18px",
            "paddingLeft": "24px",
            "paddingRight": "18px",
            "paddingTop": "20px",
            "zIndex": 10,
          }
        }
      >
        <div>
          <p
            style={
              Object {
                "color": "#232227",
                "fontSize": "20px",
                "fontWeight": "bold",
                "margin": 0,
                "padding": 0,
              }
            }
          >
            Test 2 hhsdf
          </p>
        </div>
        <div>
          <div
            style={
              Object {
                "color": "#EB3B67",
                "fontSize": "16px",
                "fontWeight": "bold",
                "marginTop": "2px",
              }
            }
          >
            <span
              aria-label="clock-circle"
              className="anticon anticon-clock-circle"
              role="img"
              style={
                Object {
                  "fontSize": 18,
                  "marginRight": 8,
                }
              }
            >
              <svg
                aria-hidden="true"
                className=""
                data-icon="clock-circle"
                fill="currentColor"
                focusable="false"
                height="1em"
                viewBox="64 64 896 896"
                width="1em"
              >
                <path
                  d="M512 64C264.6 64 64 264.6 64 512s200.6 448 448 448 448-200.6 448-448S759.4 64 512 64zm0 820c-205.4 0-372-166.6-372-372s166.6-372 372-372 372 166.6 372 372-166.6 372-372 372z"
                />
                <path
                  d="M686.7 638.6L544.1 535.5V288c0-4.4-3.6-8-8-8H488c-4.4 0-8 3.6-8 8v275.4c0 2.6 1.2 5 3.3 6.5l165.4 120.6c3.6 2.6 8.6 1.8 11.2-1.7l28.6-39c2.6-3.7 1.8-8.7-1.8-11.2z"
                />
              </svg>
            </span>
            <span
              style={
                Object {
                  "position": "relative",
                  "top": "-1px",
                }
              }
            >
              Mon, Jan 1
            </span>
          </div>
        </div>
      </div>
      <div
        style={
          Object {
            "position": "absolute",
          }
        }
      >
        <div
          style={
            Object {
              "boxShadow": "rgba(0, 0, 0, 0.20) 0px 2px 50px",
              "height": 50,
              "transition": "0.3s",
              "width": 200,
              "zIndex": 5,
            }
          }
        />
      </div>
    </div>
  </div>
</div>
`;

exports[`Storyshots Task Pinned 1`] = `
<div
  style={
    Object {
      "margin": "32px",
    }
  }
>
  <div>
    <div
      onMouseEnter={[Function]}
      onMouseLeave={[Function]}
      style={
        Object {
          "alignItems": "flex-end",
          "cursor": "pointer",
          "display": "flex",
          "fontFamily": "Avenir",
          "justifyContent": "center",
          "transform": "scale(1.00)",
          "transition": "0.3s",
          "width": 300,
        }
      }
    >
      <div
        style={
          Object {
            "background": "#FFFFFF",
            "borderRadius": "12px",
            "minWidth": 258,
            "paddingBottom": "18px",
            "paddingLeft": "24px",
            "paddingRight": "18px",
            "paddingTop": "20px",
            "zIndex": 10,
          }
        }
      >
        <div>
          <p
            style={
              Object {
                "color": "#232227",
                "fontSize": "20px",
                "fontWeight": "bold",
                "margin": 0,
                "padding": 0,
              }
            }
          >
            Test 2 hhsdf
          </p>
        </div>
        <div>
          <div
            style={
              Object {
                "color": "#EB3B67",
                "fontSize": "16px",
                "fontWeight": "bold",
                "marginTop": "2px",
              }
            }
          >
            <span
              aria-label="clock-circle"
              className="anticon anticon-clock-circle"
              role="img"
              style={
                Object {
                  "fontSize": 18,
                  "marginRight": 8,
                }
              }
            >
              <svg
                aria-hidden="true"
                className=""
                data-icon="clock-circle"
                fill="currentColor"
                focusable="false"
                height="1em"
                viewBox="64 64 896 896"
                width="1em"
              >
                <path
                  d="M512 64C264.6 64 64 264.6 64 512s200.6 448 448 448 448-200.6 448-448S759.4 64 512 64zm0 820c-205.4 0-372-166.6-372-372s166.6-372 372-372 372 166.6 372 372-166.6 372-372 372z"
                />
                <path
                  d="M686.7 638.6L544.1 535.5V288c0-4.4-3.6-8-8-8H488c-4.4 0-8 3.6-8 8v275.4c0 2.6 1.2 5 3.3 6.5l165.4 120.6c3.6 2.6 8.6 1.8 11.2-1.7l28.6-39c2.6-3.7 1.8-8.7-1.8-11.2z"
                />
              </svg>
            </span>
            <span
              style={
                Object {
                  "position": "relative",
                  "top": "-1px",
                }
              }
            >
              Mon, Jan 1
            </span>
          </div>
        </div>
      </div>
      <div
        style={
          Object {
            "position": "absolute",
          }
        }
      >
        <div
          style={
            Object {
              "boxShadow": "rgba(0, 0, 0, 0.20) 0px 2px 50px",
              "height": 50,
              "transition": "0.3s",
              "width": 200,
              "zIndex": 5,
            }
          }
        />
      </div>
    </div>
  </div>
</div>
`;
